C51 COMPILER V9.56.0.0   XPT2046                                                           11/27/2018 18:39:26 PAGE 1   


C51 COMPILER V9.56.0.0, COMPILATION OF MODULE XPT2046
OBJECT MODULE PLACED IN .\Objects\XPT2046.obj
COMPILER INVOKED BY: C:\Keil_v5\C51\BIN\C51.EXE XPT2046.c OPTIMIZE(8,SPEED) BROWSE DEBUG OBJECTEXTEND PRINT(.\Listings\X
                    -PT2046.lst) TABS(2) OBJECT(.\Objects\XPT2046.obj)

line level    source

   1          #include"XPT2046.h"
   2          /****************************************************************************
   3          *函数名：SPI_Write
   4          *输  入：dat：写入数据
   5          *输  出：无
   6          *功  能：使用SPI写入数据
   7          ****************************************************************************/
   8          
   9          void SPI_Write(uchar dat)
  10          {
  11   1        uchar i;
  12   1        CLK = 0;
  13   1        for(i=0; i<8; i++)
  14   1        {
  15   2          DIN = dat >> 7;   //放置最高位
  16   2          dat <<= 1;
  17   2          CLK = 0;      //上升沿放置数据
  18   2      
  19   2          CLK = 1;
  20   2      
  21   2        }
  22   1      }
  23          /****************************************************************************
  24          *函数名：SPI_Read
  25          *输  入：无
  26          *输  出：dat：读取到的数据
  27          *功  能：使用SPI读取数据
  28          ****************************************************************************/
  29          
  30          uint SPI_Read(void)
  31          {
  32   1        uint i, dat=0;
  33   1        CLK = 0;
  34   1        for(i=0; i<12; i++)   //接收12位数据
  35   1        {
  36   2          dat <<= 1;
  37   2      
  38   2          CLK = 1;
  39   2          CLK = 0;
  40   2      
  41   2          dat |= DOUT;
  42   2      
  43   2        }
  44   1        return dat; 
  45   1      }
  46          
  47          /****************************************************************************
  48          *函数名：Read_AD_Data
  49          *输  入：cmd：读取的X或者Y
  50          *输  出：endValue：最终信号处理后返回的值
  51          *功  能：读取触摸数据
  52          ****************************************************************************/
  53          uint Read_AD_Data(uchar cmd)
  54          {
C51 COMPILER V9.56.0.0   XPT2046                                                           11/27/2018 18:39:26 PAGE 2   

  55   1        uchar i;
  56   1        uint AD_Value;
  57   1        CLK = 0;
  58   1        CS  = 0;
  59   1        SPI_Write(cmd);
  60   1        for(i=6; i>0; i--);   //延时等待转换结果
  61   1        CLK = 1;    //发送一个时钟周期，清除BUSY
  62   1        _nop_();
  63   1        _nop_();
  64   1        CLK = 0;
  65   1        _nop_();
  66   1        _nop_();
  67   1        AD_Value=SPI_Read();
  68   1        CS = 1;
  69   1        return AD_Value;  
  70   1      }


MODULE INFORMATION:   STATIC OVERLAYABLE
   CODE SIZE        =     89    ----
   CONSTANT SIZE    =   ----    ----
   XDATA SIZE       =   ----    ----
   PDATA SIZE       =   ----    ----
   DATA SIZE        =   ----    ----
   IDATA SIZE       =   ----    ----
   BIT SIZE         =   ----    ----
END OF MODULE INFORMATION.


C51 COMPILATION COMPLETE.  0 WARNING(S),  0 ERROR(S)
